<html>
<body>
<pre>
<h1>µVision Build Log</h1>
<h2>Tool Versions:</h2>
IDE-Version: µVision V5.28.0.0
Copyright (C) 2019 ARM Ltd and ARM Germany GmbH. All rights reserved.
License Information: Mendoza Julian, Carleton University, LIC=----
 
Tool Versions:
Toolchain:       MDK-Lite  Version: 5.28.0.0
Toolchain Path:  C:\Keil_v5\ARM\ARMCC\Bin
C Compiler:      Armcc.exe V5.06 update 6 (build 750)
Assembler:       Armasm.exe V5.06 update 6 (build 750)
Linker/Locator:  ArmLink.exe V5.06 update 6 (build 750)
Library Manager: ArmAr.exe V5.06 update 6 (build 750)
Hex Converter:   FromElf.exe V5.06 update 6 (build 750)
CPU DLL:         SARMCM3.DLL V5.28.0.0
Dialog DLL:      DCM.DLL V1.17.3.0
Target DLL:      CMSIS_AGDI.dll V1.31.18.0
Dialog DLL:      TCM.DLL V1.36.2.0
 
<h2>Project:</h2>
C:\Users\Julian\Desktop\SYSC 3310 labs\Lab5\Lab5.uvprojx
Project File Date:  10/05/2019

<h2>Output:</h2>
*** Using Compiler 'V5.06 update 6 (build 750)', folder: 'C:\Keil_v5\ARM\ARMCC\Bin'
Build target 'Target 1'
assembling startup_msp432p401r_uvision.s...
compiling CortexM.c...
compiling system_msp432p401r.c...
compiling main.c...
main.c(35): warning:  #1-D: last line of file ends without a newline
  }
main.c(6): warning:  #550-D: variable "frequency"  was set but never used
  	uint16_t x_pos, y_pos,duty,frequency;
main.c: 2 warnings, 0 errors
compiling BSP.c...
msp432p401r.h(16180): warning:  #47-D: incompatible redefinition of macro "RSTCTL_PSSRESET_STAT_SVSL"  (declared at line 313 of "C:\Users\Julian\AppData\Local\Arm\Packs\TexasInstruments\MSP432P4xx_DFP\3.2.5\Device\Include\msp_compatibility.h")
  #define RSTCTL_PSSRESET_STAT_SVSL                          (0x00000001)          /* Indicates if POR was caused by an SVSL trip condition in the PSS */
msp432p401r.h(17341): warning:  #47-D: incompatible redefinition of macro "SYSCTL_SYSTEM_STAT_DBG_SEC_ACT"  (declared at line 317 of "C:\Users\Julian\AppData\Local\Arm\Packs\TexasInstruments\MSP432P4xx_DFP\3.2.5\Device\Include\msp_compatibility.h")
  #define SYSCTL_SYSTEM_STAT_DBG_SEC_ACT                     (0x00000008)          /* Debug Security active */
msp432p401r.h(17344): warning:  #47-D: incompatible redefinition of macro "SYSCTL_SYSTEM_STAT_JTAG_SWD_LOCK_ACT"  (declared at line 320 of "C:\Users\Julian\AppData\Local\Arm\Packs\TexasInstruments\MSP432P4xx_DFP\3.2.5\Device\Include\msp_compatibility.h")
  #define SYSCTL_SYSTEM_STAT_JTAG_SWD_LOCK_ACT               (0x00000010)          /* Indicates if JTAG and SWD Lock is active */
msp432p401r.h(17347): warning:  #47-D: incompatible redefinition of macro "SYSCTL_SYSTEM_STAT_IP_PROT_ACT"  (declared at line 323 of "C:\Users\Julian\AppData\Local\Arm\Packs\TexasInstruments\MSP432P4xx_DFP\3.2.5\Device\Include\msp_compatibility.h")
  #define SYSCTL_SYSTEM_STAT_IP_PROT_ACT                     (0x00000020)          /* Indicates if IP protection is active */
BSP.c: 4 warnings, 0 errors
linking...
Program Size: Code=1432 RO-data=356 RW-data=92 ZI-data=612  
".\Objects\Lab5.axf" - 0 Error(s), 6 Warning(s).

<h2>Software Packages used:</h2>

Package Vendor: ARM
                http://www.keil.com/pack/ARM.CMSIS.5.5.1.pack
                ARM.CMSIS.5.5.1
                CMSIS (Cortex Microcontroller Software Interface Standard)
   * Component: CORE Version: 5.2.0

Package Vendor: TexasInstruments
                http://software-dl.ti.com/msp430/msp430_public_sw/mcu/msp430/msp432cmsis/latest/exports/TexasInstruments.MSP432P4xx_DFP.3.2.5.pack
                TexasInstruments.MSP432P4xx_DFP.3.2.5
                Device Family Pack for Texas Instruments SimpleLink(TM) MSP432 Series
   * Component: Startup Version: 3.2.2

<h2>Collection of Component include folders:</h2>
  .\RTE\_Target_1
  C:\Users\Julian\AppData\Local\Arm\Packs\ARM\CMSIS\5.5.1\CMSIS\Core\Include
  C:\Users\Julian\AppData\Local\Arm\Packs\TexasInstruments\MSP432P4xx_DFP\3.2.5\Device\Include

<h2>Collection of Component Files used:</h2>

   * Component: ARM::CMSIS:CORE:5.2.0

   * Component: TexasInstruments::Device:Startup:3.2.2
      Source file:   Examples\EmptyMain\main.c
      Source file:   Device\Source\system_msp432p401r.c
      Source file:   Device\Source\startup_msp432p401r_uvision.s
      Source file:   Examples\BlinkLED\blinkLED.c
      Include file:  Device\Include\msp_compatibility.h
Build Time Elapsed:  00:00:04
</pre>
</body>
</html>
